[2026-08-23 16:06:02] [INFO]: Admin login successful {"admin_id":1,"email":"admin@mewatours.com"}
[2026-08-23 16:07:26] [INFO]: Admin login successful {"admin_id":1,"email":"admin@mewatours.com"}
[2026-08-23 21:32:54] [INFO]: Admin login successful {"admin_id":1,"email":"admin@mewatours.com"}
[2026-08-23 21:34:55] [INFO]: File uploaded successfully {"filename":"20260823_213455_95cfdb1913fddcad.png","subfolder":"tours"}
[2026-08-23 21:36:00] [INFO]: File uploaded successfully {"filename":"20260823_213600_a99607ec36ed3fdd.png","subfolder":"tours"}
[2026-08-23 21:49:34] [INFO]: File uploaded successfully {"filename":"20260823_214934_a25eb0de012c4244.png","subfolder":"destinations"}
[2026-08-23 21:58:19] [INFO]: File uploaded successfully {"filename":"20260823_215819_4a46aa5d3b2187c3.png","subfolder":"gallery"}
[2026-08-23 22:01:18] [INFO]: File uploaded successfully {"filename":"20260823_220118_8a28c5966b72bfbb.jpg","subfolder":"gallery"}
[2026-08-23 22:18:55] [INFO]: Admin logged out {"admin_id":1}
[2026-08-23 22:32:44] [INFO]: Admin login successful {"admin_id":1,"email":"mewatours83@gmail.com"}
[2026-08-23 22:33:06] [INFO]: Admin login successful {"admin_id":1,"email":"mewatours83@gmail.com"}
[2026-08-23 22:34:23] [INFO]: Admin login successful {"admin_id":1,"email":"mewatours83@gmail.com"}
[2026-08-23 22:34:51] [INFO]: Admin login successful {"admin_id":1,"email":"mewatours83@gmail.com"}
[2026-08-25 15:10:54] [WARNING]: Admin login failed: invalid password {"email":"mewatours83@gmail.com"}
[2026-08-25 15:10:58] [INFO]: Admin login successful {"admin_id":1,"email":"mewatours83@gmail.com"}
[2026-08-28 11:56:55] [INFO]: File uploaded successfully {"filename":"20260828_115655_de777b8fa5918897.png","subfolder":"reviews"}
[2026-08-28 12:02:54] [INFO]: Admin login successful {"admin_id":1,"email":"mewatours83@gmail.com"}
[2026-08-28 12:05:14] [INFO]: Admin logged out {"admin_id":1}
[2026-08-28 12:05:39] [INFO]: Admin login successful {"admin_id":1,"email":"mewatours83@gmail.com"}
[2026-08-28 12:08:17] [INFO]: Admin logged out {"admin_id":1}
[2026-08-28 12:08:35] [INFO]: Admin login successful {"admin_id":1,"email":"mewatours83@gmail.com"}
[2026-09-06 16:02:47] [WARNING]: Admin login failed: invalid password {"email":"mewatours83@gmail.com"}
[2026-09-06 16:02:53] [WARNING]: Admin login failed: invalid password {"email":"mewatours83@gmail.com"}
[2026-09-06 16:06:16] [WARNING]: Admin login failed: invalid password {"email":"mewatours83@gmail.com"}
[2026-09-06 16:10:36] [INFO]: Admin login successful {"admin_id":1,"email":"mewatours83@gmail.com"}
[2026-09-06 16:26:44] [INFO]: Admin login successful {"admin_id":1,"email":"mewatours83@gmail.com"}
[2026-09-22 18:33:27] [INFO]: Admin login successful {"admin_id":1,"email":"mewatours83@gmail.com"}
[2026-09-26 14:43:05] [WARNING]: Admin login failed: invalid password {"email":"mewatours83@gmail.com"}
[2026-09-26 14:43:11] [INFO]: Admin login successful {"admin_id":1,"email":"mewatours83@gmail.com"}
[2026-09-26 14:48:32] [INFO]: File uploaded successfully {"filename":"20260926_144832_bc209428ba77e6cf.jpg","subfolder":"tours"}
[2026-09-26 14:55:34] [INFO]: File uploaded successfully {"filename":"20260926_145534_66ea131b3322d518.jpg","subfolder":"destinations"}
[2026-09-26 17:01:30] [WARNING]: Admin login failed: invalid password {"email":"mewatours83@gmail.com"}
[2026-09-26 17:01:35] [WARNING]: Admin login failed: invalid password {"email":"mewatours83@gmail.com"}
[2026-09-26 17:01:46] [WARNING]: Admin login failed: invalid password {"email":"mewatours83@gmail.com"}
[2026-09-26 17:01:51] [INFO]: Admin login successful {"admin_id":1,"email":"mewatours83@gmail.com"}
[2026-09-26 17:02:16] [INFO]: File uploaded successfully {"filename":"20260926_170216_8cafe3cf5e1a2664.png","subfolder":"tours"}
[2026-09-27 11:25:47] [INFO]: Admin login successful {"admin_id":1,"email":"mewatours83@gmail.com"}
[2026-09-27 11:50:59] [INFO]: File uploaded successfully {"filename":"20260927_115059_4e296600d2fe6143.jpg","subfolder":"tours"}
